
> katalog-tasarim-v2@0.1.0 build
> next build

Ôû▓ Next.js 16.1.6 (Turbopack)
- Experiments (use with caution):
  ┬À serverActions

  Creating an optimized production build ...
Ô£ô Compiled successfully in 8.5s
  Running TypeScript ...
  Collecting page data using 23 workers ...
  Generating static pages using 23 workers (0/5) ...
  Generating static pages using 23 workers (1/5) 
  Generating static pages using 23 workers (2/5) 
  Generating static pages using 23 workers (3/5) 
Ô£ô Generating static pages using 23 workers (5/5) in 426.6ms
  Finalizing page optimization ...

Route (app)
Ôöî Ôùï /
Ôö£ Ôùï /_not-found
Ôöö ãÆ /api/upload


Ôùï  (Static)   prerendered as static content
ãÆ  (Dynamic)  server-rendered on demand

