src/components/sidebar-panels/BackgroundSettingsPanel.tsx(4,29): error TS2307: Cannot find module '@/lib/uploadAction' or its corresponding type declarations.
src/components/sidebar-panels/BackgroundSettingsPanel.tsx(5,36): error TS6142: Module '../ColorOpacityPicker' was resolved to 'D:/US/Nuri/katalog-tasarim-v2/src/components/ColorOpacityPicker.tsx', but '--jsx' is not set.
src/components/sidebar-panels/BackgroundSettingsPanel.tsx(6,31): error TS2307: Cannot find module '@/store/useLayerStore' or its corresponding type declarations.
src/components/sidebar-panels/BackgroundSettingsPanel.tsx(7,33): error TS2307: Cannot find module '@/store/useCatalogStore' or its corresponding type declarations.
src/components/sidebar-panels/BackgroundSettingsPanel.tsx(8,45): error TS2307: Cannot find module '@/types/document' or its corresponding type declarations.
src/components/sidebar-panels/BackgroundSettingsPanel.tsx(243,5): error TS17004: Cannot use JSX unless the '--jsx' flag is provided.
src/components/sidebar-panels/BackgroundSettingsPanel.tsx(244,7): error TS17004: Cannot use JSX unless the '--jsx' flag is provided.
src/components/sidebar-panels/BackgroundSettingsPanel.tsx(250,9): error TS17004: Cannot use JSX unless the '--jsx' flag is provided.
src/components/sidebar-panels/BackgroundSettingsPanel.tsx(253,9): error TS17004: Cannot use JSX unless the '--jsx' flag is provided.
src/components/sidebar-panels/BackgroundSettingsPanel.tsx(257,9): error TS17004: Cannot use JSX unless the '--jsx' flag is provided.
src/components/sidebar-panels/BackgroundSettingsPanel.tsx(258,11): error TS17004: Cannot use JSX unless the '--jsx' flag is provided.
src/components/sidebar-panels/BackgroundSettingsPanel.tsx(259,13): error TS17004: Cannot use JSX unless the '--jsx' flag is provided.
src/components/sidebar-panels/BackgroundSettingsPanel.tsx(260,15): error TS17004: Cannot use JSX unless the '--jsx' flag is provided.
src/components/sidebar-panels/BackgroundSettingsPanel.tsx(263,15): error TS17004: Cannot use JSX unless the '--jsx' flag is provided.
src/components/sidebar-panels/BackgroundSettingsPanel.tsx(269,19): error TS17004: Cannot use JSX unless the '--jsx' flag is provided.
src/components/sidebar-panels/BackgroundSettingsPanel.tsx(276,13): error TS17004: Cannot use JSX unless the '--jsx' flag is provided.
src/components/sidebar-panels/BackgroundSettingsPanel.tsx(277,15): error TS17004: Cannot use JSX unless the '--jsx' flag is provided.
src/components/sidebar-panels/BackgroundSettingsPanel.tsx(280,15): error TS17004: Cannot use JSX unless the '--jsx' flag is provided.
src/components/sidebar-panels/BackgroundSettingsPanel.tsx(285,21): error TS17004: Cannot use JSX unless the '--jsx' flag is provided.
src/components/sidebar-panels/BackgroundSettingsPanel.tsx(300,15): error TS17004: Cannot use JSX unless the '--jsx' flag is provided.
src/components/sidebar-panels/BackgroundSettingsPanel.tsx(305,13): error TS17004: Cannot use JSX unless the '--jsx' flag is provided.
src/components/sidebar-panels/BackgroundSettingsPanel.tsx(306,15): error TS17004: Cannot use JSX unless the '--jsx' flag is provided.
src/components/sidebar-panels/BackgroundSettingsPanel.tsx(309,15): error TS17004: Cannot use JSX unless the '--jsx' flag is provided.
src/components/sidebar-panels/BackgroundSettingsPanel.tsx(312,15): error TS17004: Cannot use JSX unless the '--jsx' flag is provided.
src/components/sidebar-panels/BackgroundSettingsPanel.tsx(318,13): error TS17004: Cannot use JSX unless the '--jsx' flag is provided.
src/components/sidebar-panels/BackgroundSettingsPanel.tsx(319,15): error TS17004: Cannot use JSX unless the '--jsx' flag is provided.
src/components/sidebar-panels/BackgroundSettingsPanel.tsx(322,15): error TS17004: Cannot use JSX unless the '--jsx' flag is provided.
src/components/sidebar-panels/BackgroundSettingsPanel.tsx(324,19): error TS17004: Cannot use JSX unless the '--jsx' flag is provided.
src/components/sidebar-panels/BackgroundSettingsPanel.tsx(333,23): error TS17004: Cannot use JSX unless the '--jsx' flag is provided.
src/components/sidebar-panels/BackgroundSettingsPanel.tsx(342,25): error TS17004: Cannot use JSX unless the '--jsx' flag is provided.
src/components/sidebar-panels/BackgroundSettingsPanel.tsx(344,29): error TS17004: Cannot use JSX unless the '--jsx' flag is provided.
src/components/sidebar-panels/BackgroundSettingsPanel.tsx(346,29): error TS17004: Cannot use JSX unless the '--jsx' flag is provided.
src/components/sidebar-panels/BackgroundSettingsPanel.tsx(348,27): error TS17004: Cannot use JSX unless the '--jsx' flag is provided.
src/components/sidebar-panels/BackgroundSettingsPanel.tsx(353,25): error TS17004: Cannot use JSX unless the '--jsx' flag is provided.
src/components/sidebar-panels/BackgroundSettingsPanel.tsx(354,27): error TS17004: Cannot use JSX unless the '--jsx' flag is provided.
src/components/sidebar-panels/BackgroundSettingsPanel.tsx(362,56): error TS17004: Cannot use JSX unless the '--jsx' flag is provided.
src/components/sidebar-panels/BackgroundSettingsPanel.tsx(362,79): error TS17004: Cannot use JSX unless the '--jsx' flag is provided.
src/components/sidebar-panels/BackgroundSettingsPanel.tsx(364,27): error TS17004: Cannot use JSX unless the '--jsx' flag is provided.
src/components/sidebar-panels/BackgroundSettingsPanel.tsx(372,29): error TS17004: Cannot use JSX unless the '--jsx' flag is provided.
src/components/sidebar-panels/BackgroundSettingsPanel.tsx(374,27): error TS17004: Cannot use JSX unless the '--jsx' flag is provided.
src/components/sidebar-panels/BackgroundSettingsPanel.tsx(382,29): error TS17004: Cannot use JSX unless the '--jsx' flag is provided.
src/components/sidebar-panels/BackgroundSettingsPanel.tsx(384,27): error TS17004: Cannot use JSX unless the '--jsx' flag is provided.
src/components/sidebar-panels/BackgroundSettingsPanel.tsx(392,29): error TS17004: Cannot use JSX unless the '--jsx' flag is provided.
src/components/sidebar-panels/BackgroundSettingsPanel.tsx(403,15): error TS17004: Cannot use JSX unless the '--jsx' flag is provided.
src/components/sidebar-panels/BackgroundSettingsPanel.tsx(404,17): error TS17004: Cannot use JSX unless the '--jsx' flag is provided.
src/components/sidebar-panels/BackgroundSettingsPanel.tsx(410,17): error TS17004: Cannot use JSX unless the '--jsx' flag is provided.
src/components/sidebar-panels/BackgroundSettingsPanel.tsx(420,11): error TS17004: Cannot use JSX unless the '--jsx' flag is provided.
src/components/sidebar-panels/BackgroundSettingsPanel.tsx(421,13): error TS17004: Cannot use JSX unless the '--jsx' flag is provided.
src/components/sidebar-panels/BackgroundSettingsPanel.tsx(422,15): error TS17004: Cannot use JSX unless the '--jsx' flag is provided.
src/components/sidebar-panels/BackgroundSettingsPanel.tsx(423,17): error TS17004: Cannot use JSX unless the '--jsx' flag is provided.
src/components/sidebar-panels/BackgroundSettingsPanel.tsx(424,17): error TS17004: Cannot use JSX unless the '--jsx' flag is provided.
src/components/sidebar-panels/BackgroundSettingsPanel.tsx(426,15): error TS17004: Cannot use JSX unless the '--jsx' flag is provided.
src/components/sidebar-panels/BackgroundSettingsPanel.tsx(437,11): error TS17004: Cannot use JSX unless the '--jsx' flag is provided.
src/components/sidebar-panels/BackgroundSettingsPanel.tsx(438,13): error TS17004: Cannot use JSX unless the '--jsx' flag is provided.
src/components/sidebar-panels/BackgroundSettingsPanel.tsx(439,15): error TS17004: Cannot use JSX unless the '--jsx' flag is provided.
src/components/sidebar-panels/BackgroundSettingsPanel.tsx(441,17): error TS17004: Cannot use JSX unless the '--jsx' flag is provided.
src/components/sidebar-panels/BackgroundSettingsPanel.tsx(450,13): error TS17004: Cannot use JSX unless the '--jsx' flag is provided.
src/components/sidebar-panels/BackgroundSettingsPanel.tsx(451,15): error TS17004: Cannot use JSX unless the '--jsx' flag is provided.
src/components/sidebar-panels/BackgroundSettingsPanel.tsx(454,15): error TS17004: Cannot use JSX unless the '--jsx' flag is provided.
src/components/sidebar-panels/BackgroundSettingsPanel.tsx(469,13): error TS17004: Cannot use JSX unless the '--jsx' flag is provided.
src/components/sidebar-panels/BackgroundSettingsPanel.tsx(470,15): error TS17004: Cannot use JSX unless the '--jsx' flag is provided.
src/components/sidebar-panels/BackgroundSettingsPanel.tsx(473,15): error TS17004: Cannot use JSX unless the '--jsx' flag is provided.
src/components/sidebar-panels/BackgroundSettingsPanel.tsx(482,15): error TS17004: Cannot use JSX unless the '--jsx' flag is provided.
src/components/sidebar-panels/BackgroundSettingsPanel.tsx(499,15): error TS17004: Cannot use JSX unless the '--jsx' flag is provided.
src/components/sidebar-panels/BackgroundSettingsPanel.tsx(500,17): error TS17004: Cannot use JSX unless the '--jsx' flag is provided.
src/components/sidebar-panels/BackgroundSettingsPanel.tsx(505,17): error TS17004: Cannot use JSX unless the '--jsx' flag is provided.
src/components/sidebar-panels/BackgroundSettingsPanel.tsx(512,11): error TS17004: Cannot use JSX unless the '--jsx' flag is provided.
src/components/sidebar-panels/BackgroundSettingsPanel.tsx(513,13): error TS17004: Cannot use JSX unless the '--jsx' flag is provided.
src/components/sidebar-panels/BackgroundSettingsPanel.tsx(514,15): error TS17004: Cannot use JSX unless the '--jsx' flag is provided.
src/components/sidebar-panels/BackgroundSettingsPanel.tsx(515,17): error TS17004: Cannot use JSX unless the '--jsx' flag is provided.
src/components/sidebar-panels/BackgroundSettingsPanel.tsx(516,19): error TS17004: Cannot use JSX unless the '--jsx' flag is provided.
src/components/sidebar-panels/BackgroundSettingsPanel.tsx(517,19): error TS17004: Cannot use JSX unless the '--jsx' flag is provided.
src/components/sidebar-panels/BackgroundSettingsPanel.tsx(519,17): error TS17004: Cannot use JSX unless the '--jsx' flag is provided.
src/components/sidebar-panels/BackgroundSettingsPanel.tsx(529,15): error TS17004: Cannot use JSX unless the '--jsx' flag is provided.
src/components/sidebar-panels/BackgroundSettingsPanel.tsx(540,13): error TS17004: Cannot use JSX unless the '--jsx' flag is provided.
src/components/sidebar-panels/BackgroundSettingsPanel.tsx(541,15): error TS17004: Cannot use JSX unless the '--jsx' flag is provided.
src/components/sidebar-panels/BackgroundSettingsPanel.tsx(542,17): error TS17004: Cannot use JSX unless the '--jsx' flag is provided.
src/components/sidebar-panels/BackgroundSettingsPanel.tsx(543,19): error TS17004: Cannot use JSX unless the '--jsx' flag is provided.
src/components/sidebar-panels/BackgroundSettingsPanel.tsx(544,19): error TS17004: Cannot use JSX unless the '--jsx' flag is provided.
src/components/sidebar-panels/BackgroundSettingsPanel.tsx(546,17): error TS17004: Cannot use JSX unless the '--jsx' flag is provided.
src/components/sidebar-panels/BackgroundSettingsPanel.tsx(556,15): error TS17004: Cannot use JSX unless the '--jsx' flag is provided.
src/components/sidebar-panels/BackgroundSettingsPanel.tsx(567,13): error TS17004: Cannot use JSX unless the '--jsx' flag is provided.
src/components/sidebar-panels/BackgroundSettingsPanel.tsx(568,15): error TS17004: Cannot use JSX unless the '--jsx' flag is provided.
src/components/sidebar-panels/BackgroundSettingsPanel.tsx(569,17): error TS17004: Cannot use JSX unless the '--jsx' flag is provided.
src/components/sidebar-panels/BackgroundSettingsPanel.tsx(570,19): error TS17004: Cannot use JSX unless the '--jsx' flag is provided.
src/components/sidebar-panels/BackgroundSettingsPanel.tsx(571,19): error TS17004: Cannot use JSX unless the '--jsx' flag is provided.
src/components/sidebar-panels/BackgroundSettingsPanel.tsx(573,17): error TS17004: Cannot use JSX unless the '--jsx' flag is provided.
src/components/sidebar-panels/BackgroundSettingsPanel.tsx(583,15): error TS17004: Cannot use JSX unless the '--jsx' flag is provided.
src/components/sidebar-panels/BackgroundSettingsPanel.tsx(594,13): error TS17004: Cannot use JSX unless the '--jsx' flag is provided.
src/components/sidebar-panels/BackgroundSettingsPanel.tsx(595,15): error TS17004: Cannot use JSX unless the '--jsx' flag is provided.
src/components/sidebar-panels/BackgroundSettingsPanel.tsx(596,17): error TS17004: Cannot use JSX unless the '--jsx' flag is provided.
src/components/sidebar-panels/BackgroundSettingsPanel.tsx(597,19): error TS17004: Cannot use JSX unless the '--jsx' flag is provided.
src/components/sidebar-panels/BackgroundSettingsPanel.tsx(598,19): error TS17004: Cannot use JSX unless the '--jsx' flag is provided.
src/components/sidebar-panels/BackgroundSettingsPanel.tsx(600,17): error TS17004: Cannot use JSX unless the '--jsx' flag is provided.
src/components/sidebar-panels/BackgroundSettingsPanel.tsx(610,15): error TS17004: Cannot use JSX unless the '--jsx' flag is provided.
src/components/sidebar-panels/BackgroundSettingsPanel.tsx(624,13): error TS17004: Cannot use JSX unless the '--jsx' flag is provided.
src/components/sidebar-panels/BackgroundSettingsPanel.tsx(625,16): error TS17004: Cannot use JSX unless the '--jsx' flag is provided.
src/components/sidebar-panels/BackgroundSettingsPanel.tsx(628,17): error TS17004: Cannot use JSX unless the '--jsx' flag is provided.
src/components/sidebar-panels/BackgroundSettingsPanel.tsx(629,21): error TS17004: Cannot use JSX unless the '--jsx' flag is provided.
src/components/sidebar-panels/BackgroundSettingsPanel.tsx(630,21): error TS17004: Cannot use JSX unless the '--jsx' flag is provided.
src/components/sidebar-panels/BackgroundSettingsPanel.tsx(636,25): error TS17004: Cannot use JSX unless the '--jsx' flag is provided.
src/components/sidebar-panels/BackgroundSettingsPanel.tsx(637,25): error TS17004: Cannot use JSX unless the '--jsx' flag is provided.
src/components/sidebar-panels/BackgroundSettingsPanel.tsx(638,25): error TS17004: Cannot use JSX unless the '--jsx' flag is provided.
src/components/sidebar-panels/BackgroundSettingsPanel.tsx(639,25): error TS17004: Cannot use JSX unless the '--jsx' flag is provided.
src/components/sidebar-panels/BackgroundSettingsPanel.tsx(644,17): error TS17004: Cannot use JSX unless the '--jsx' flag is provided.
src/components/sidebar-panels/BackgroundSettingsPanel.tsx(645,21): error TS17004: Cannot use JSX unless the '--jsx' flag is provided.
src/components/sidebar-panels/BackgroundSettingsPanel.tsx(646,25): error TS17004: Cannot use JSX unless the '--jsx' flag is provided.
src/components/sidebar-panels/BackgroundSettingsPanel.tsx(647,29): error TS17004: Cannot use JSX unless the '--jsx' flag is provided.
src/components/sidebar-panels/BackgroundSettingsPanel.tsx(648,29): error TS17004: Cannot use JSX unless the '--jsx' flag is provided.
src/components/sidebar-panels/BackgroundSettingsPanel.tsx(650,25): error TS17004: Cannot use JSX unless the '--jsx' flag is provided.
src/components/sidebar-panels/BackgroundSettingsPanel.tsx(660,21): error TS17004: Cannot use JSX unless the '--jsx' flag is provided.
src/components/sidebar-panels/BackgroundSettingsPanel.tsx(672,17): error TS17004: Cannot use JSX unless the '--jsx' flag is provided.
src/components/sidebar-panels/BackgroundSettingsPanel.tsx(673,21): error TS17004: Cannot use JSX unless the '--jsx' flag is provided.
src/components/sidebar-panels/BackgroundSettingsPanel.tsx(680,21): error TS17004: Cannot use JSX unless the '--jsx' flag is provided.
src/components/sidebar-panels/BackgroundSettingsPanel.tsx(690,17): error TS17004: Cannot use JSX unless the '--jsx' flag is provided.
src/components/sidebar-panels/BackgroundSettingsPanel.tsx(691,21): error TS17004: Cannot use JSX unless the '--jsx' flag is provided.
src/components/sidebar-panels/BackgroundSettingsPanel.tsx(692,21): error TS17004: Cannot use JSX unless the '--jsx' flag is provided.
src/components/sidebar-panels/BackgroundSettingsPanel.tsx(698,25): error TS17004: Cannot use JSX unless the '--jsx' flag is provided.
src/components/sidebar-panels/BackgroundSettingsPanel.tsx(699,25): error TS17004: Cannot use JSX unless the '--jsx' flag is provided.
src/components/sidebar-panels/BackgroundSettingsPanel.tsx(700,25): error TS17004: Cannot use JSX unless the '--jsx' flag is provided.
src/components/sidebar-panels/BackgroundSettingsPanel.tsx(701,25): error TS17004: Cannot use JSX unless the '--jsx' flag is provided.
src/components/sidebar-panels/BackgroundSettingsPanel.tsx(702,25): error TS17004: Cannot use JSX unless the '--jsx' flag is provided.
src/components/sidebar-panels/BackgroundSettingsPanel.tsx(703,25): error TS17004: Cannot use JSX unless the '--jsx' flag is provided.
src/components/sidebar-panels/BackgroundSettingsPanel.tsx(704,25): error TS17004: Cannot use JSX unless the '--jsx' flag is provided.
src/components/sidebar-panels/BackgroundSettingsPanel.tsx(705,25): error TS17004: Cannot use JSX unless the '--jsx' flag is provided.
src/components/sidebar-panels/BackgroundSettingsPanel.tsx(706,25): error TS17004: Cannot use JSX unless the '--jsx' flag is provided.
src/components/sidebar-panels/BackgroundSettingsPanel.tsx(707,25): error TS17004: Cannot use JSX unless the '--jsx' flag is provided.
src/components/sidebar-panels/BackgroundSettingsPanel.tsx(708,25): error TS17004: Cannot use JSX unless the '--jsx' flag is provided.
src/components/sidebar-panels/BackgroundSettingsPanel.tsx(709,25): error TS17004: Cannot use JSX unless the '--jsx' flag is provided.
src/components/sidebar-panels/BackgroundSettingsPanel.tsx(710,25): error TS17004: Cannot use JSX unless the '--jsx' flag is provided.
src/components/sidebar-panels/BackgroundSettingsPanel.tsx(711,25): error TS17004: Cannot use JSX unless the '--jsx' flag is provided.
src/components/sidebar-panels/BackgroundSettingsPanel.tsx(712,25): error TS17004: Cannot use JSX unless the '--jsx' flag is provided.
src/components/sidebar-panels/BackgroundSettingsPanel.tsx(713,25): error TS17004: Cannot use JSX unless the '--jsx' flag is provided.
src/components/sidebar-panels/BackgroundSettingsPanel.tsx(718,11): error TS17004: Cannot use JSX unless the '--jsx' flag is provided.
src/components/sidebar-panels/BackgroundSettingsPanel.tsx(719,13): error TS17004: Cannot use JSX unless the '--jsx' flag is provided.
